Available interfaces:
Name: en0
Name: awdl0
Name: llw0
Name: utun0
Name: utun1
Name: utun2
Name: utun3
Name: utun4
Name: utun5
Name: utun6
Name: utun7
Name: utun8
Name: en9
Name: en8
Name: lo0
Name: anpi1
Name: anpi0
Name: en3
Name: en4
Name: en1
Name: en2
Name: bridge0
Name: ap1
Name: gif0
Name: stf0
Name: en5
